../Core/Src/uart.cpp:10:2:UART::UART(int)	16	static
../Core/Src/uart.cpp:29:7:void UART::INIT(int)	16	static
../Core/Src/uart.cpp:77:7:char UART::Read()	24	static
../Core/Src/uart.cpp:83:7:void UART::Send(char)	24	static
../Core/Src/uart.cpp:88:7:void UART::Send(const std::string&)	24	static
../Core/Src/uart.cpp:97:8:static void* UART::operator new(size_t, UART_Instance)	16	static
../Core/Src/uart.cpp:100:2:void __static_initialization_and_destruction_0(int, int)	24	static
../Core/Src/uart.cpp:100:2:cpp)	8	static
../Core/Src/uart.cpp:100:2:cpp)	8	static
